.FF                                                                      [100%]
=================================== FAILURES ===================================
________ test_export_screenshot_uses_current_ansi_palette[textual-dark] ________

theme = 'textual-dark'

    @pytest.mark.parametrize("theme", ["textual-dark", "ansi-light"])
    async def test_export_screenshot_uses_current_ansi_palette(theme):
        """The actual composed screen and SVG exporter use the configured palette."""
        from xml.etree import ElementTree
    
        class PaletteApp(App):
            def compose(self):
                yield Static("export-palette", id="palette")
    
        app = PaletteApp(ansi_color=True)
        async with app.run_test() as pilot:
            app.theme = theme
            app.ansi_theme_dark = NIGHT_OWLISH
            app.ansi_theme_light = DIMMED_MONOKAI
            app.query_one("#palette").styles.color = "ansi_red"
            await pilot.pause()
            svg = app.export_screenshot()
            document = ElementTree.fromstring(svg)
            style = document.find("{http://www.w3.org/2000/svg}style").text
            text = next(
                node for node in document.iter("{http://www.w3.org/2000/svg}text")
                if node.text == "export-palette"
            )
            rule = style.split(f".{text.attrib['class']} {{", 1)[1].split("}", 1)[0]
>           assert f"fill: {app.ansi_theme.ansi_colors[1].hex}" in rule
E           AssertionError: assert 'fill: #d3423e' in ' fill: #403f53 '

tests/test_app.py:185: AssertionError
_________ test_export_screenshot_uses_current_ansi_palette[ansi-light] _________

theme = 'ansi-light'

    @pytest.mark.parametrize("theme", ["textual-dark", "ansi-light"])
    async def test_export_screenshot_uses_current_ansi_palette(theme):
        """The actual composed screen and SVG exporter use the configured palette."""
        from xml.etree import ElementTree
    
        class PaletteApp(App):
            def compose(self):
                yield Static("export-palette", id="palette")
    
        app = PaletteApp(ansi_color=True)
        async with app.run_test() as pilot:
            app.theme = theme
            app.ansi_theme_dark = NIGHT_OWLISH
            app.ansi_theme_light = DIMMED_MONOKAI
            app.query_one("#palette").styles.color = "ansi_red"
            await pilot.pause()
            svg = app.export_screenshot()
            document = ElementTree.fromstring(svg)
            style = document.find("{http://www.w3.org/2000/svg}style").text
            text = next(
                node for node in document.iter("{http://www.w3.org/2000/svg}text")
                if node.text == "export-palette"
            )
            rule = style.split(f".{text.attrib['class']} {{", 1)[1].split("}", 1)[0]
>           assert f"fill: {app.ansi_theme.ansi_colors[1].hex}" in rule
E           AssertionError: assert 'fill: #be3f48' in ' fill: #b9bcba '

tests/test_app.py:185: AssertionError
=========================== short test summary info ============================
FAILED tests/test_app.py::test_export_screenshot_uses_current_ansi_palette[textual-dark]
FAILED tests/test_app.py::test_export_screenshot_uses_current_ansi_palette[ansi-light]
2 failed, 1 passed, 25 deselected in 0.58s
