[?1049h=[?25l[?1004h[>25u[?2026$p[?2048$p[?2004h[?7l]22;default[1;1H[38;5;253;48;5;233mNative driver write completion[0m[48;5;233m                              [0m
[2;1H[48;5;233m                                                            [0m
[3;1H[48;5;233m                                                            [0m
[4;1H[48;5;233m                                                            [0m
[5;1H[48;5;233m                                                            [0m
[6;1H[48;5;233m                                                            [0m
[7;1H[48;5;233m                                                            [0m
[8;1H[48;5;233m                                                            [0m
[9;1H[48;5;233m                                                            [0m
[10;1H[48;5;233m                                                            [0m[1;1H[?2004l[?7h>[<u[?1049l[?25h[?1004lTraceback (most recent call last):
  File "/home/ts/wt/textual-frame-publication-20261006/tests/driver_write_completion_app.py", line 127, in <module>
    asyncio.run(main(Path(sys.argv[1])))
    ~~~~~~~~~~~^^^^^^^^^^^^^^^^^^^^^^^^^
  File "/home/ts/.local/share/uv/python/cpython-3.14.2-linux-x86_64-gnu/lib/python3.14/asyncio/runners.py", line 204, in run
    return runner.run(main)
           ~~~~~~~~~~^^^^^^
  File "/home/ts/.local/share/uv/python/cpython-3.14.2-linux-x86_64-gnu/lib/python3.14/asyncio/runners.py", line 127, in run
    return self._loop.run_until_complete(task)
           ~~~~~~~~~~~~~~~~~~~~~~~~~~~~~^^^^^^
  File "/home/ts/.local/share/uv/python/cpython-3.14.2-linux-x86_64-gnu/lib/python3.14/asyncio/base_events.py", line 719, in run_until_complete
    return future.result()
           ~~~~~~~~~~~~~^^
  File "/home/ts/wt/textual-frame-publication-20261006/tests/driver_write_completion_app.py", line 117, in main
    assert app._driver._key_thread is None
           ^^^^^^^^^^^^^^^^^^^^^^^^^^^^^^^
AssertionError
