{
  "boundary": "completed headless _display; not terminal pixels",
  "tabs": 10,
  "pointer": true,
  "active_widgets": 508,
  "toggle_first_paint": {
    "#channels-sidebar": {
      "median_ms": 33.9,
      "p95_ms": 36.2,
      "max_ms": 80.2
    },
    "#thread-sidebar": {
      "median_ms": 33.9,
      "p95_ms": 45.5,
      "max_ms": 64.0
    }
  }
}
{
  "publication_trace": [
    {
      "elapsed_ms": 34.9,
      "renderable": "ChopsUpdate",
      "batch_count": 0,
      "current": true,
      "right_collapsed": true,
      "right_region": [
        117,
        3,
        3,
        38
      ],
      "exclusions": []
    },
    {
      "elapsed_ms": 80.1,
      "renderable": "ChopsUpdate",
      "batch_count": 0,
      "current": true,
      "right_collapsed": true,
      "right_region": [
        117,
        3,
        3,
        38
      ],
      "exclusions": []
    },
    {
      "elapsed_ms": 35.7,
      "renderable": "ChopsUpdate",
      "batch_count": 0,
      "current": true,
      "right_collapsed": true,
      "right_region": [
        117,
        3,
        3,
        38
      ],
      "exclusions": []
    },
    {
      "elapsed_ms": 36.2,
      "renderable": "ChopsUpdate",
      "batch_count": 0,
      "current": true,
      "right_collapsed": true,
      "right_region": [
        117,
        3,
        3,
        38
      ],
      "exclusions": []
    },
    {
      "elapsed_ms": 34.6,
      "renderable": "ChopsUpdate",
      "batch_count": 0,
      "current": true,
      "right_collapsed": true,
      "right_region": [
        117,
        3,
        3,
        38
      ],
      "exclusions": []
    },
    {
      "elapsed_ms": 32.7,
      "renderable": "ChopsUpdate",
      "batch_count": 0,
      "current": true,
      "right_collapsed": true,
      "right_region": [
        117,
        3,
        3,
        38
      ],
      "exclusions": []
    },
    {
      "elapsed_ms": 33.0,
      "renderable": "ChopsUpdate",
      "batch_count": 0,
      "current": true,
      "right_collapsed": true,
      "right_region": [
        117,
        3,
        3,
        38
      ],
      "exclusions": []
    },
    {
      "elapsed_ms": 33.1,
      "renderable": "ChopsUpdate",
      "batch_count": 0,
      "current": true,
      "right_collapsed": true,
      "right_region": [
        117,
        3,
        3,
        38
      ],
      "exclusions": []
    },
    {
      "elapsed_ms": 29.4,
      "renderable": "ChopsUpdate",
      "batch_count": 0,
      "current": true,
      "right_collapsed": true,
      "right_region": [
        117,
        3,
        3,
        38
      ],
      "exclusions": []
    },
    {
      "elapsed_ms": 32.5,
      "renderable": "ChopsUpdate",
      "batch_count": 0,
      "current": true,
      "right_collapsed": true,
      "right_region": [
        117,
        3,
        3,
        38
      ],
      "exclusions": []
    },
    {
      "elapsed_ms": 31.2,
      "renderable": "ChopsUpdate",
      "batch_count": 0,
      "current": true,
      "right_collapsed": false,
      "right_region": [
        80,
        3,
        40,
        38
      ],
      "exclusions": []
    },
    {
      "elapsed_ms": 63.8,
      "renderable": "ChopsUpdate",
      "batch_count": 0,
      "current": true,
      "right_collapsed": true,
      "right_region": [
        117,
        3,
        3,
        38
      ],
      "exclusions": []
    },
    {
      "elapsed_ms": 44.1,
      "renderable": "ChopsUpdate",
      "batch_count": 0,
      "current": true,
      "right_collapsed": false,
      "right_region": [
        80,
        3,
        40,
        38
      ],
      "exclusions": []
    },
    {
      "elapsed_ms": 30.9,
      "renderable": "ChopsUpdate",
      "batch_count": 0,
      "current": true,
      "right_collapsed": true,
      "right_region": [
        117,
        3,
        3,
        38
      ],
      "exclusions": []
    },
    {
      "elapsed_ms": 36.8,
      "renderable": "ChopsUpdate",
      "batch_count": 0,
      "current": true,
      "right_collapsed": false,
      "right_region": [
        80,
        3,
        40,
        38
      ],
      "exclusions": []
    },
    {
      "elapsed_ms": 23.2,
      "renderable": "ChopsUpdate",
      "batch_count": 0,
      "current": true,
      "right_collapsed": true,
      "right_region": [
        117,
        3,
        3,
        38
      ],
      "exclusions": []
    },
    {
      "elapsed_ms": 45.5,
      "renderable": "ChopsUpdate",
      "batch_count": 0,
      "current": true,
      "right_collapsed": false,
      "right_region": [
        80,
        3,
        40,
        38
      ],
      "exclusions": []
    },
    {
      "elapsed_ms": 26.5,
      "renderable": "ChopsUpdate",
      "batch_count": 0,
      "current": true,
      "right_collapsed": true,
      "right_region": [
        117,
        3,
        3,
        38
      ],
      "exclusions": []
    },
    {
      "elapsed_ms": 36.6,
      "renderable": "ChopsUpdate",
      "batch_count": 0,
      "current": true,
      "right_collapsed": false,
      "right_region": [
        80,
        3,
        40,
        38
      ],
      "exclusions": []
    },
    {
      "elapsed_ms": 25.8,
      "renderable": "ChopsUpdate",
      "batch_count": 0,
      "current": true,
      "right_collapsed": true,
      "right_region": [
        117,
        3,
        3,
        38
      ],
      "exclusions": []
    }
  ]
}
